[0.725s] Invoking command in '/home/liamedwards/202C_Final_Project/ros_ws/build/iot_security_demo': PYTHONPATH=/home/liamedwards/202C_Final_Project/ros_ws/build/iot_security_demo/prefix_override:/usr/lib/python3/dist-packages/colcon_core/task/python/colcon_distutils_commands:/home/liamedwards/202C_Final_Project/ros_ws/install/iot_security_demo/lib/python3.10/site-packages:${PYTHONPATH} /usr/bin/python3 -W ignore:setup.py install is deprecated -W ignore:easy_install command is deprecated setup.py develop --editable --build-directory /home/liamedwards/202C_Final_Project/ros_ws/build/iot_security_demo/build --no-deps symlink_data
[1.033s] running develop
[1.262s] running egg_info
[1.281s] writing iot_security_demo.egg-info/PKG-INFO
[1.282s] writing dependency_links to iot_security_demo.egg-info/dependency_links.txt
[1.282s] writing entry points to iot_security_demo.egg-info/entry_points.txt
[1.282s] writing requirements to iot_security_demo.egg-info/requires.txt
[1.282s] writing top-level names to iot_security_demo.egg-info/top_level.txt
[1.369s] writing manifest file 'iot_security_demo.egg-info/SOURCES.txt'
[1.388s] running build_ext
[1.388s] Creating /home/liamedwards/202C_Final_Project/ros_ws/install/iot_security_demo/lib/python3.10/site-packages/iot-security-demo.egg-link (link to .)
[1.388s] Installing attacker script to /home/liamedwards/202C_Final_Project/ros_ws/install/iot_security_demo/lib/iot_security_demo
[1.389s] Installing attacker2 script to /home/liamedwards/202C_Final_Project/ros_ws/install/iot_security_demo/lib/iot_security_demo
[1.389s] Installing llm_monitor script to /home/liamedwards/202C_Final_Project/ros_ws/install/iot_security_demo/lib/iot_security_demo
[1.389s] Installing navigate script to /home/liamedwards/202C_Final_Project/ros_ws/install/iot_security_demo/lib/iot_security_demo
[1.389s] Installing rate_filter script to /home/liamedwards/202C_Final_Project/ros_ws/install/iot_security_demo/lib/iot_security_demo
[1.389s] 
[1.389s] Installed /home/liamedwards/202C_Final_Project/ros_ws/build/iot_security_demo
[1.389s] running symlink_data
[1.389s] symbolically linking /home/liamedwards/202C_Final_Project/ros_ws/build/iot_security_demo/launch/nav2_llm.launch.py -> /home/liamedwards/202C_Final_Project/ros_ws/install/iot_security_demo/share/iot_security_demo/launch
[1.390s] symbolically linking /home/liamedwards/202C_Final_Project/ros_ws/build/iot_security_demo/param/burger_verified.yaml -> /home/liamedwards/202C_Final_Project/ros_ws/install/iot_security_demo/share/iot_security_demo/param
[1.414s] Invoked command in '/home/liamedwards/202C_Final_Project/ros_ws/build/iot_security_demo' returned '0': PYTHONPATH=/home/liamedwards/202C_Final_Project/ros_ws/build/iot_security_demo/prefix_override:/usr/lib/python3/dist-packages/colcon_core/task/python/colcon_distutils_commands:/home/liamedwards/202C_Final_Project/ros_ws/install/iot_security_demo/lib/python3.10/site-packages:${PYTHONPATH} /usr/bin/python3 -W ignore:setup.py install is deprecated -W ignore:easy_install command is deprecated setup.py develop --editable --build-directory /home/liamedwards/202C_Final_Project/ros_ws/build/iot_security_demo/build --no-deps symlink_data
