[0.093s] DEBUG:colcon:Command line arguments: ['/usr/bin/colcon', 'build', '--symlink-install']
[0.093s] DEBUG:colcon:Parsed command line arguments: Namespace(log_base=None, log_level=None, verb_name='build', build_base='build', install_base='install', merge_install=False, symlink_install=True, test_result_base=None, continue_on_error=False, executor='parallel', parallel_workers=16, event_handlers=None, ignore_user_meta=False, metas=['./colcon.meta'], base_paths=['.'], packages_ignore=None, packages_ignore_regex=None, paths=None, packages_up_to=None, packages_up_to_regex=None, packages_above=None, packages_above_and_dependencies=None, packages_above_depth=None, packages_select_by_dep=None, packages_skip_by_dep=None, packages_skip_up_to=None, packages_select_build_failed=False, packages_skip_build_finished=False, packages_select_test_failures=False, packages_skip_test_passed=False, packages_select=None, packages_skip=None, packages_select_regex=None, packages_skip_regex=None, packages_start=None, packages_end=None, allow_overriding=[], cmake_args=None, cmake_target=None, cmake_target_skip_unavailable=False, cmake_clean_cache=False, cmake_clean_first=False, cmake_force_configure=False, ament_cmake_args=None, catkin_cmake_args=None, catkin_skip_building_tests=False, mixin_files=None, mixin=None, verb_parser=<colcon_mixin.mixin.mixin_argument.MixinArgumentDecorator object at 0x750f4c7a9ea0>, verb_extension=<colcon_core.verb.build.BuildVerb object at 0x750f4c7a9000>, main=<bound method BuildVerb.main of <colcon_core.verb.build.BuildVerb object at 0x750f4c7a9000>>, mixin_verb=('build',))
[0.120s] Level 1:colcon.colcon_core.package_discovery:discover_packages(colcon_meta) check parameters
[0.120s] Level 1:colcon.colcon_core.package_discovery:discover_packages(recursive) check parameters
[0.120s] Level 1:colcon.colcon_core.package_discovery:discover_packages(ignore) check parameters
[0.120s] Level 1:colcon.colcon_core.package_discovery:discover_packages(path) check parameters
[0.120s] Level 1:colcon.colcon_core.package_discovery:discover_packages(colcon_meta) discover
[0.120s] Level 1:colcon.colcon_core.package_discovery:discover_packages(recursive) discover
[0.120s] INFO:colcon.colcon_core.package_discovery:Crawling recursively for packages in '/home/liamedwards/202C_Final_Project/ros_ws'
[0.120s] Level 1:colcon.colcon_core.package_identification:_identify(.) by extensions ['ignore', 'ignore_ament_install']
[0.120s] Level 1:colcon.colcon_core.package_identification:_identify(.) by extension 'ignore'
[0.120s] Level 1:colcon.colcon_core.package_identification:_identify(.) by extension 'ignore_ament_install'
[0.120s] Level 1:colcon.colcon_core.package_identification:_identify(.) by extensions ['colcon_pkg']
[0.120s] Level 1:colcon.colcon_core.package_identification:_identify(.) by extension 'colcon_pkg'
[0.120s] Level 1:colcon.colcon_core.package_identification:_identify(.) by extensions ['colcon_meta']
[0.120s] Level 1:colcon.colcon_core.package_identification:_identify(.) by extension 'colcon_meta'
[0.120s] Level 1:colcon.colcon_core.package_identification:_identify(.) by extensions ['ros']
[0.120s] Level 1:colcon.colcon_core.package_identification:_identify(.) by extension 'ros'
[0.131s] Level 1:colcon.colcon_core.package_identification:_identify(.) by extensions ['cmake', 'python']
[0.131s] Level 1:colcon.colcon_core.package_identification:_identify(.) by extension 'cmake'
[0.131s] Level 1:colcon.colcon_core.package_identification:_identify(.) by extension 'python'
[0.131s] Level 1:colcon.colcon_core.package_identification:_identify(.) by extensions ['python_setup_py']
[0.131s] Level 1:colcon.colcon_core.package_identification:_identify(.) by extension 'python_setup_py'
[0.131s] Level 1:colcon.colcon_core.package_identification:_identify(build) by extensions ['ignore', 'ignore_ament_install']
[0.131s] Level 1:colcon.colcon_core.package_identification:_identify(build) by extension 'ignore'
[0.131s] Level 1:colcon.colcon_core.package_identification:_identify(build) ignored
[0.131s] Level 1:colcon.colcon_core.package_identification:_identify(install) by extensions ['ignore', 'ignore_ament_install']
[0.132s] Level 1:colcon.colcon_core.package_identification:_identify(install) by extension 'ignore'
[0.132s] Level 1:colcon.colcon_core.package_identification:_identify(install) ignored
[0.132s] Level 1:colcon.colcon_core.package_identification:_identify(log) by extensions ['ignore', 'ignore_ament_install']
[0.132s] Level 1:colcon.colcon_core.package_identification:_identify(log) by extension 'ignore'
[0.132s] Level 1:colcon.colcon_core.package_identification:_identify(log) ignored
[0.132s] Level 1:colcon.colcon_core.package_identification:_identify(src) by extensions ['ignore', 'ignore_ament_install']
[0.132s] Level 1:colcon.colcon_core.package_identification:_identify(src) by extension 'ignore'
[0.132s] Level 1:colcon.colcon_core.package_identification:_identify(src) by extension 'ignore_ament_install'
[0.132s] Level 1:colcon.colcon_core.package_identification:_identify(src) by extensions ['colcon_pkg']
[0.132s] Level 1:colcon.colcon_core.package_identification:_identify(src) by extension 'colcon_pkg'
[0.132s] Level 1:colcon.colcon_core.package_identification:_identify(src) by extensions ['colcon_meta']
[0.132s] Level 1:colcon.colcon_core.package_identification:_identify(src) by extension 'colcon_meta'
[0.132s] Level 1:colcon.colcon_core.package_identification:_identify(src) by extensions ['ros']
[0.132s] Level 1:colcon.colcon_core.package_identification:_identify(src) by extension 'ros'
[0.132s] Level 1:colcon.colcon_core.package_identification:_identify(src) by extensions ['cmake', 'python']
[0.132s] Level 1:colcon.colcon_core.package_identification:_identify(src) by extension 'cmake'
[0.132s] Level 1:colcon.colcon_core.package_identification:_identify(src) by extension 'python'
[0.132s] Level 1:colcon.colcon_core.package_identification:_identify(src) by extensions ['python_setup_py']
[0.132s] Level 1:colcon.colcon_core.package_identification:_identify(src) by extension 'python_setup_py'
[0.132s] Level 1:colcon.colcon_core.package_identification:_identify(src/iot_security_demo) by extensions ['ignore', 'ignore_ament_install']
[0.132s] Level 1:colcon.colcon_core.package_identification:_identify(src/iot_security_demo) by extension 'ignore'
[0.132s] Level 1:colcon.colcon_core.package_identification:_identify(src/iot_security_demo) by extension 'ignore_ament_install'
[0.132s] Level 1:colcon.colcon_core.package_identification:_identify(src/iot_security_demo) by extensions ['colcon_pkg']
[0.132s] Level 1:colcon.colcon_core.package_identification:_identify(src/iot_security_demo) by extension 'colcon_pkg'
[0.132s] Level 1:colcon.colcon_core.package_identification:_identify(src/iot_security_demo) by extensions ['colcon_meta']
[0.133s] Level 1:colcon.colcon_core.package_identification:_identify(src/iot_security_demo) by extension 'colcon_meta'
[0.133s] Level 1:colcon.colcon_core.package_identification:_identify(src/iot_security_demo) by extensions ['ros']
[0.133s] Level 1:colcon.colcon_core.package_identification:_identify(src/iot_security_demo) by extension 'ros'
[0.134s] DEBUG:colcon.colcon_core.package_identification:Package 'src/iot_security_demo' with type 'ros.ament_python' and name 'iot_security_demo'
[0.134s] Level 1:colcon.colcon_core.package_discovery:discover_packages(recursive) using defaults
[0.134s] Level 1:colcon.colcon_core.package_discovery:discover_packages(ignore) discover
[0.134s] Level 1:colcon.colcon_core.package_discovery:discover_packages(ignore) using defaults
[0.134s] Level 1:colcon.colcon_core.package_discovery:discover_packages(path) discover
[0.134s] Level 1:colcon.colcon_core.package_discovery:discover_packages(path) using defaults
[0.149s] Level 1:colcon.colcon_core.package_discovery:discover_packages(prefix_path) check parameters
[0.149s] Level 1:colcon.colcon_core.package_discovery:discover_packages(prefix_path) discover
[0.151s] DEBUG:colcon.colcon_installed_package_information.package_discovery:Found 462 installed packages in /opt/ros/humble
[0.152s] Level 1:colcon.colcon_core.package_discovery:discover_packages(prefix_path) using defaults
[0.193s] Level 5:colcon.colcon_core.verb:set package 'iot_security_demo' build argument 'cmake_args' from command line to 'None'
[0.193s] Level 5:colcon.colcon_core.verb:set package 'iot_security_demo' build argument 'cmake_target' from command line to 'None'
[0.193s] Level 5:colcon.colcon_core.verb:set package 'iot_security_demo' build argument 'cmake_target_skip_unavailable' from command line to 'False'
[0.193s] Level 5:colcon.colcon_core.verb:set package 'iot_security_demo' build argument 'cmake_clean_cache' from command line to 'False'
[0.193s] Level 5:colcon.colcon_core.verb:set package 'iot_security_demo' build argument 'cmake_clean_first' from command line to 'False'
[0.193s] Level 5:colcon.colcon_core.verb:set package 'iot_security_demo' build argument 'cmake_force_configure' from command line to 'False'
[0.193s] Level 5:colcon.colcon_core.verb:set package 'iot_security_demo' build argument 'ament_cmake_args' from command line to 'None'
[0.193s] Level 5:colcon.colcon_core.verb:set package 'iot_security_demo' build argument 'catkin_cmake_args' from command line to 'None'
[0.193s] Level 5:colcon.colcon_core.verb:set package 'iot_security_demo' build argument 'catkin_skip_building_tests' from command line to 'False'
[0.193s] DEBUG:colcon.colcon_core.verb:Building package 'iot_security_demo' with the following arguments: {'ament_cmake_args': None, 'build_base': '/home/liamedwards/202C_Final_Project/ros_ws/build/iot_security_demo', 'catkin_cmake_args': None, 'catkin_skip_building_tests': False, 'cmake_args': None, 'cmake_clean_cache': False, 'cmake_clean_first': False, 'cmake_force_configure': False, 'cmake_target': None, 'cmake_target_skip_unavailable': False, 'install_base': '/home/liamedwards/202C_Final_Project/ros_ws/install/iot_security_demo', 'merge_install': False, 'path': '/home/liamedwards/202C_Final_Project/ros_ws/src/iot_security_demo', 'symlink_install': True, 'test_result_base': None}
[0.193s] INFO:colcon.colcon_core.executor:Executing jobs using 'parallel' executor
[0.194s] DEBUG:colcon.colcon_parallel_executor.executor.parallel:run_until_complete
[0.194s] INFO:colcon.colcon_ros.task.ament_python.build:Building ROS package in '/home/liamedwards/202C_Final_Project/ros_ws/src/iot_security_demo' with build type 'ament_python'
[0.194s] Level 1:colcon.colcon_core.shell:create_environment_hook('iot_security_demo', 'ament_prefix_path')
[0.195s] INFO:colcon.colcon_core.plugin_system:Skipping extension 'colcon_core.shell.bat': Not used on non-Windows systems
[0.195s] INFO:colcon.colcon_core.shell:Creating environment hook '/home/liamedwards/202C_Final_Project/ros_ws/install/iot_security_demo/share/iot_security_demo/hook/ament_prefix_path.ps1'
[0.196s] INFO:colcon.colcon_core.shell:Creating environment descriptor '/home/liamedwards/202C_Final_Project/ros_ws/install/iot_security_demo/share/iot_security_demo/hook/ament_prefix_path.dsv'
[0.196s] INFO:colcon.colcon_core.shell:Creating environment hook '/home/liamedwards/202C_Final_Project/ros_ws/install/iot_security_demo/share/iot_security_demo/hook/ament_prefix_path.sh'
[0.197s] INFO:colcon.colcon_core.shell:Skip shell extension 'powershell' for command environment: Not usable outside of PowerShell
[0.197s] DEBUG:colcon.colcon_core.shell:Skip shell extension 'dsv' for command environment
[0.374s] INFO:colcon.colcon_core.task.python.build:Building Python package in '/home/liamedwards/202C_Final_Project/ros_ws/src/iot_security_demo'
[0.375s] INFO:colcon.colcon_core.shell:Skip shell extension 'powershell' for command environment: Not usable outside of PowerShell
[0.375s] DEBUG:colcon.colcon_core.shell:Skip shell extension 'dsv' for command environment
[0.866s] DEBUG:colcon.colcon_core.event_handler.log_command:Invoking command in '/home/liamedwards/202C_Final_Project/ros_ws/build/iot_security_demo': PYTHONPATH=/home/liamedwards/202C_Final_Project/ros_ws/build/iot_security_demo/prefix_override:/usr/lib/python3/dist-packages/colcon_core/task/python/colcon_distutils_commands:/home/liamedwards/202C_Final_Project/ros_ws/install/iot_security_demo/lib/python3.10/site-packages:${PYTHONPATH} /usr/bin/python3 -W ignore:setup.py install is deprecated -W ignore:easy_install command is deprecated setup.py develop --editable --build-directory /home/liamedwards/202C_Final_Project/ros_ws/build/iot_security_demo/build --no-deps symlink_data
[1.506s] Level 1:colcon.colcon_core.shell:create_environment_hook('iot_security_demo', 'pythonpath_develop')
[1.506s] INFO:colcon.colcon_core.shell:Creating environment hook '/home/liamedwards/202C_Final_Project/ros_ws/build/iot_security_demo/share/iot_security_demo/hook/pythonpath_develop.ps1'
[1.506s] DEBUG:colcon.colcon_core.event_handler.log_command:Invoked command in '/home/liamedwards/202C_Final_Project/ros_ws/build/iot_security_demo' returned '0': PYTHONPATH=/home/liamedwards/202C_Final_Project/ros_ws/build/iot_security_demo/prefix_override:/usr/lib/python3/dist-packages/colcon_core/task/python/colcon_distutils_commands:/home/liamedwards/202C_Final_Project/ros_ws/install/iot_security_demo/lib/python3.10/site-packages:${PYTHONPATH} /usr/bin/python3 -W ignore:setup.py install is deprecated -W ignore:easy_install command is deprecated setup.py develop --editable --build-directory /home/liamedwards/202C_Final_Project/ros_ws/build/iot_security_demo/build --no-deps symlink_data
[1.507s] INFO:colcon.colcon_core.shell:Creating environment descriptor '/home/liamedwards/202C_Final_Project/ros_ws/build/iot_security_demo/share/iot_security_demo/hook/pythonpath_develop.dsv'
[1.507s] INFO:colcon.colcon_core.shell:Creating environment hook '/home/liamedwards/202C_Final_Project/ros_ws/build/iot_security_demo/share/iot_security_demo/hook/pythonpath_develop.sh'
[1.509s] Level 1:colcon.colcon_core.environment:checking '/home/liamedwards/202C_Final_Project/ros_ws/install/iot_security_demo' for CMake module files
[1.509s] Level 1:colcon.colcon_core.environment:checking '/home/liamedwards/202C_Final_Project/ros_ws/install/iot_security_demo' for CMake config files
[1.509s] Level 1:colcon.colcon_core.environment:checking '/home/liamedwards/202C_Final_Project/ros_ws/install/iot_security_demo/lib'
[1.509s] Level 1:colcon.colcon_core.environment:checking '/home/liamedwards/202C_Final_Project/ros_ws/install/iot_security_demo/bin'
[1.509s] Level 1:colcon.colcon_core.environment:checking '/home/liamedwards/202C_Final_Project/ros_ws/install/iot_security_demo/lib/pkgconfig/iot_security_demo.pc'
[1.510s] Level 1:colcon.colcon_core.environment:checking '/home/liamedwards/202C_Final_Project/ros_ws/install/iot_security_demo/lib/python3.10/site-packages'
[1.510s] Level 1:colcon.colcon_core.shell:create_environment_hook('iot_security_demo', 'pythonpath')
[1.510s] INFO:colcon.colcon_core.shell:Creating environment hook '/home/liamedwards/202C_Final_Project/ros_ws/install/iot_security_demo/share/iot_security_demo/hook/pythonpath.ps1'
[1.510s] INFO:colcon.colcon_core.shell:Creating environment descriptor '/home/liamedwards/202C_Final_Project/ros_ws/install/iot_security_demo/share/iot_security_demo/hook/pythonpath.dsv'
[1.510s] INFO:colcon.colcon_core.shell:Creating environment hook '/home/liamedwards/202C_Final_Project/ros_ws/install/iot_security_demo/share/iot_security_demo/hook/pythonpath.sh'
[1.511s] Level 1:colcon.colcon_core.environment:checking '/home/liamedwards/202C_Final_Project/ros_ws/install/iot_security_demo/bin'
[1.511s] Level 1:colcon.colcon_core.environment:create_environment_scripts_only(iot_security_demo)
[1.511s] INFO:colcon.colcon_core.shell:Creating package script '/home/liamedwards/202C_Final_Project/ros_ws/install/iot_security_demo/share/iot_security_demo/package.ps1'
[1.512s] INFO:colcon.colcon_core.shell:Creating package descriptor '/home/liamedwards/202C_Final_Project/ros_ws/install/iot_security_demo/share/iot_security_demo/package.dsv'
[1.512s] INFO:colcon.colcon_core.shell:Creating package script '/home/liamedwards/202C_Final_Project/ros_ws/install/iot_security_demo/share/iot_security_demo/package.sh'
[1.513s] INFO:colcon.colcon_core.shell:Creating package script '/home/liamedwards/202C_Final_Project/ros_ws/install/iot_security_demo/share/iot_security_demo/package.bash'
[1.513s] INFO:colcon.colcon_core.shell:Creating package script '/home/liamedwards/202C_Final_Project/ros_ws/install/iot_security_demo/share/iot_security_demo/package.zsh'
[1.514s] Level 1:colcon.colcon_core.environment:create_file_with_runtime_dependencies(/home/liamedwards/202C_Final_Project/ros_ws/install/iot_security_demo/share/colcon-core/packages/iot_security_demo)
[1.514s] DEBUG:colcon.colcon_parallel_executor.executor.parallel:closing loop
[1.514s] DEBUG:colcon.colcon_parallel_executor.executor.parallel:loop closed
[1.514s] DEBUG:colcon.colcon_parallel_executor.executor.parallel:run_until_complete finished with '0'
[1.514s] DEBUG:colcon.colcon_core.event_reactor:joining thread
[1.517s] INFO:colcon.colcon_core.plugin_system:Skipping extension 'colcon_notification.desktop_notification.terminal_notifier': Not used on non-Darwin systems
[1.518s] INFO:colcon.colcon_core.plugin_system:Skipping extension 'colcon_notification.desktop_notification.win32': Not used on non-Windows systems
[1.518s] INFO:colcon.colcon_notification.desktop_notification:Sending desktop notification using 'notify2'
[1.525s] DEBUG:colcon.colcon_core.event_reactor:joined thread
[1.526s] INFO:colcon.colcon_core.shell:Creating prefix script '/home/liamedwards/202C_Final_Project/ros_ws/install/local_setup.ps1'
[1.526s] INFO:colcon.colcon_core.shell:Creating prefix util module '/home/liamedwards/202C_Final_Project/ros_ws/install/_local_setup_util_ps1.py'
[1.527s] INFO:colcon.colcon_core.shell:Creating prefix chain script '/home/liamedwards/202C_Final_Project/ros_ws/install/setup.ps1'
[1.528s] INFO:colcon.colcon_core.shell:Creating prefix script '/home/liamedwards/202C_Final_Project/ros_ws/install/local_setup.sh'
[1.529s] INFO:colcon.colcon_core.shell:Creating prefix util module '/home/liamedwards/202C_Final_Project/ros_ws/install/_local_setup_util_sh.py'
[1.529s] INFO:colcon.colcon_core.shell:Creating prefix chain script '/home/liamedwards/202C_Final_Project/ros_ws/install/setup.sh'
[1.530s] INFO:colcon.colcon_core.shell:Creating prefix script '/home/liamedwards/202C_Final_Project/ros_ws/install/local_setup.bash'
[1.530s] INFO:colcon.colcon_core.shell:Creating prefix chain script '/home/liamedwards/202C_Final_Project/ros_ws/install/setup.bash'
[1.531s] INFO:colcon.colcon_core.shell:Creating prefix script '/home/liamedwards/202C_Final_Project/ros_ws/install/local_setup.zsh'
[1.531s] INFO:colcon.colcon_core.shell:Creating prefix chain script '/home/liamedwards/202C_Final_Project/ros_ws/install/setup.zsh'
