running develop
running egg_info
creating iot_security_demo.egg-info
writing iot_security_demo.egg-info/PKG-INFO
writing dependency_links to iot_security_demo.egg-info/dependency_links.txt
writing entry points to iot_security_demo.egg-info/entry_points.txt
writing requirements to iot_security_demo.egg-info/requires.txt
writing top-level names to iot_security_demo.egg-info/top_level.txt
writing manifest file 'iot_security_demo.egg-info/SOURCES.txt'
reading manifest file 'iot_security_demo.egg-info/SOURCES.txt'
writing manifest file 'iot_security_demo.egg-info/SOURCES.txt'
running build_ext
Creating /home/liamedwards/202C_Final_Project/ros_ws/install/iot_security_demo/lib/python3.10/site-packages/iot-security-demo.egg-link (link to .)
Installing attacker script to /home/liamedwards/202C_Final_Project/ros_ws/install/iot_security_demo/lib/iot_security_demo
Installing llm_monitor script to /home/liamedwards/202C_Final_Project/ros_ws/install/iot_security_demo/lib/iot_security_demo
Installing navigate script to /home/liamedwards/202C_Final_Project/ros_ws/install/iot_security_demo/lib/iot_security_demo
Installing rate_filter script to /home/liamedwards/202C_Final_Project/ros_ws/install/iot_security_demo/lib/iot_security_demo

Installed /home/liamedwards/202C_Final_Project/ros_ws/build/iot_security_demo
running symlink_data
creating /home/liamedwards/202C_Final_Project/ros_ws/install/iot_security_demo/share/ament_index
creating /home/liamedwards/202C_Final_Project/ros_ws/install/iot_security_demo/share/ament_index/resource_index
creating /home/liamedwards/202C_Final_Project/ros_ws/install/iot_security_demo/share/ament_index/resource_index/packages
symbolically linking /home/liamedwards/202C_Final_Project/ros_ws/build/iot_security_demo/resource/iot_security_demo -> /home/liamedwards/202C_Final_Project/ros_ws/install/iot_security_demo/share/ament_index/resource_index/packages
symbolically linking /home/liamedwards/202C_Final_Project/ros_ws/build/iot_security_demo/package.xml -> /home/liamedwards/202C_Final_Project/ros_ws/install/iot_security_demo/share/iot_security_demo
creating /home/liamedwards/202C_Final_Project/ros_ws/install/iot_security_demo/share/iot_security_demo/launch
symbolically linking /home/liamedwards/202C_Final_Project/ros_ws/build/iot_security_demo/launch/demo.launch.py -> /home/liamedwards/202C_Final_Project/ros_ws/install/iot_security_demo/share/iot_security_demo/launch
