[0.821s] Invoking command in '/home/liamedwards/202C_Final_Project/ros_ws/build/iot_security_demo': PYTHONPATH=/home/liamedwards/202C_Final_Project/ros_ws/build/iot_security_demo/prefix_override:/usr/lib/python3/dist-packages/colcon_core/task/python/colcon_distutils_commands:/home/liamedwards/202C_Final_Project/ros_ws/install/iot_security_demo/lib/python3.10/site-packages:${PYTHONPATH} /usr/bin/python3 -W ignore:setup.py install is deprecated -W ignore:easy_install command is deprecated setup.py develop --editable --build-directory /home/liamedwards/202C_Final_Project/ros_ws/build/iot_security_demo/build --no-deps symlink_data
[1.107s] running develop
[1.325s] running egg_info
[1.325s] creating iot_security_demo.egg-info
[1.343s] writing iot_security_demo.egg-info/PKG-INFO
[1.344s] writing dependency_links to iot_security_demo.egg-info/dependency_links.txt
[1.344s] writing entry points to iot_security_demo.egg-info/entry_points.txt
[1.344s] writing requirements to iot_security_demo.egg-info/requires.txt
[1.344s] writing top-level names to iot_security_demo.egg-info/top_level.txt
[1.344s] writing manifest file 'iot_security_demo.egg-info/SOURCES.txt'
[1.426s] ERROR setuptools_scm._file_finders.git listing git files failed - pretending there aren't any
[1.536s] reading manifest file 'iot_security_demo.egg-info/SOURCES.txt'
[1.536s] writing manifest file 'iot_security_demo.egg-info/SOURCES.txt'
[1.555s] running build_ext
[1.555s] Creating /home/liamedwards/202C_Final_Project/ros_ws/install/iot_security_demo/lib/python3.10/site-packages/iot-security-demo.egg-link (link to .)
[1.555s] Installing attacker script to /home/liamedwards/202C_Final_Project/ros_ws/install/iot_security_demo/lib/iot_security_demo
[1.555s] Installing llm_monitor script to /home/liamedwards/202C_Final_Project/ros_ws/install/iot_security_demo/lib/iot_security_demo
[1.555s] Installing navigate script to /home/liamedwards/202C_Final_Project/ros_ws/install/iot_security_demo/lib/iot_security_demo
[1.556s] Installing rate_filter script to /home/liamedwards/202C_Final_Project/ros_ws/install/iot_security_demo/lib/iot_security_demo
[1.556s] 
[1.556s] Installed /home/liamedwards/202C_Final_Project/ros_ws/build/iot_security_demo
[1.556s] running symlink_data
[1.556s] creating /home/liamedwards/202C_Final_Project/ros_ws/install/iot_security_demo/share/ament_index
[1.556s] creating /home/liamedwards/202C_Final_Project/ros_ws/install/iot_security_demo/share/ament_index/resource_index
[1.556s] creating /home/liamedwards/202C_Final_Project/ros_ws/install/iot_security_demo/share/ament_index/resource_index/packages
[1.556s] symbolically linking /home/liamedwards/202C_Final_Project/ros_ws/build/iot_security_demo/resource/iot_security_demo -> /home/liamedwards/202C_Final_Project/ros_ws/install/iot_security_demo/share/ament_index/resource_index/packages
[1.556s] symbolically linking /home/liamedwards/202C_Final_Project/ros_ws/build/iot_security_demo/package.xml -> /home/liamedwards/202C_Final_Project/ros_ws/install/iot_security_demo/share/iot_security_demo
[1.556s] creating /home/liamedwards/202C_Final_Project/ros_ws/install/iot_security_demo/share/iot_security_demo/launch
[1.556s] symbolically linking /home/liamedwards/202C_Final_Project/ros_ws/build/iot_security_demo/launch/demo.launch.py -> /home/liamedwards/202C_Final_Project/ros_ws/install/iot_security_demo/share/iot_security_demo/launch
[1.577s] Invoked command in '/home/liamedwards/202C_Final_Project/ros_ws/build/iot_security_demo' returned '0': PYTHONPATH=/home/liamedwards/202C_Final_Project/ros_ws/build/iot_security_demo/prefix_override:/usr/lib/python3/dist-packages/colcon_core/task/python/colcon_distutils_commands:/home/liamedwards/202C_Final_Project/ros_ws/install/iot_security_demo/lib/python3.10/site-packages:${PYTHONPATH} /usr/bin/python3 -W ignore:setup.py install is deprecated -W ignore:easy_install command is deprecated setup.py develop --editable --build-directory /home/liamedwards/202C_Final_Project/ros_ws/build/iot_security_demo/build --no-deps symlink_data
